#-----------------------------------------------------------
# Vivado v2018.2 (64-bit)
# SW Build 2258646 on Thu Jun 14 20:03:12 MDT 2018
# IP Build 2256618 on Thu Jun 14 22:10:49 MDT 2018
# Start of session at: Thu Jun  8 18:14:14 2023
# Process ID: 9460
# Current directory: C:/Users/Tharusha/Documents/Academic Semester 02/Computer Organization and Digital Designing/Nano Processor Challenge/nano processor/NanoProcessor
# Command line: vivado.exe -gui_launcher_event rodinguilauncherevent13708 C:\Users\Tharusha\Documents\Academic Semester 02\Computer Organization and Digital Designing\Nano Processor Challenge\nano processor\NanoProcessor\NanoProcessor.xpr
# Log file: C:/Users/Tharusha/Documents/Academic Semester 02/Computer Organization and Digital Designing/Nano Processor Challenge/nano processor/NanoProcessor/vivado.log
# Journal file: C:/Users/Tharusha/Documents/Academic Semester 02/Computer Organization and Digital Designing/Nano Processor Challenge/nano processor/NanoProcessor\vivado.jou
#-----------------------------------------------------------
start_guioopen_project {C:/Users/Tharusha/Documents/Academic Semester 02/Computer Organization and Digital Designing/Nano Processor Challenge/nano processor/NanoProcessor/NanoProcessor.xpr}uupdate_compile_order -fileset sources_1close [ open {C:/Users/Tharusha/Documents/Academic Semester 02/Computer Organization and Digital Designing/Nano Processor Challenge/nano processor/NanoProcessor/NanoProcessor.srcs/sources_1/new/Modulo_Operator.vhd} w ]
add_files {{C:/Users/Tharusha/Documents/Academic Semester 02/Computer Organization and Digital Designing/Nano Processor Challenge/nano processor/NanoProcessor/NanoProcessor.srcs/sources_1/new/Modulo_Operator.vhd}}
update_compile_order -fileset sources_1
# Disabling source management mode.  This is to allow the top design properties to be set without GUI intervention.
set_property source_mgmt_mode None [current_project]
set_property top Logical_Unit_Sim [get_filesets sim_1]
set_property top_lib xil_defaultlib [get_filesets sim_1]
# Re-enabling previously disabled source management mode.
set_property source_mgmt_mode All [current_project]
update_compile_order -fileset sim_1
launch_simulation
open_wave_config {C:/Users/Tharusha/Documents/Academic Semester 02/Computer Organization and Digital Designing/Nano Processor Challenge/nano processor/NanoProcessor/Processor_Sim_behav.wcfg}
source Logical_Unit_Sim.tcl
current_wave_config {Processor_Sim_behav.wcfg}
add_wave {{/Logical_Unit_Sim/A_in}} {{/Logical_Unit_Sim/S_out}} {{/Logical_Unit_Sim/M}} 
save_wave_config {C:/Users/Tharusha/Documents/Academic Semester 02/Computer Organization and Digital Designing/Nano Processor Challenge/nano processor/NanoProcessor/Processor_Sim_behav.wcfg}
close_sim
launch_simulation
open_wave_config {C:/Users/Tharusha/Documents/Academic Semester 02/Computer Organization and Digital Designing/Nano Processor Challenge/nano processor/NanoProcessor/Processor_Sim_behav.wcfg}
source Logical_Unit_Sim.tcl
export_ip_user_files -of_objects  [get_files {{C:/Users/Tharusha/Documents/Academic Semester 02/Computer Organization and Digital Designing/Nano Processor Challenge/nano processor/NanoProcessor/NanoProcessor.srcs/sources_1/new/Modulo_Operator.vhd}}] -no_script -reset -force -quiet
remove_files  {{C:/Users/Tharusha/Documents/Academic Semester 02/Computer Organization and Digital Designing/Nano Processor Challenge/nano processor/NanoProcessor/NanoProcessor.srcs/sources_1/new/Modulo_Operator.vhd}}
close [ open {C:/Users/Tharusha/Documents/Academic Semester 02/Computer Organization and Digital Designing/Nano Processor Challenge/nano processor/NanoProcessor/NanoProcessor.srcs/sources_1/new/Inverse_Operator.vhd} w ]
add_files {{C:/Users/Tharusha/Documents/Academic Semester 02/Computer Organization and Digital Designing/Nano Processor Challenge/nano processor/NanoProcessor/NanoProcessor.srcs/sources_1/new/Inverse_Operator.vhd}}
update_compile_order -fileset sources_1
close [ open {C:/Users/Tharusha/Documents/Academic Semester 02/Computer Organization and Digital Designing/Nano Processor Challenge/nano processor/NanoProcessor/NanoProcessor.srcs/sources_1/new/Shift_operator.vhd} w ]
add_files {{C:/Users/Tharusha/Documents/Academic Semester 02/Computer Organization and Digital Designing/Nano Processor Challenge/nano processor/NanoProcessor/NanoProcessor.srcs/sources_1/new/Shift_operator.vhd}}
update_compile_order -fileset sources_1
close [ open {C:/Users/Tharusha/Documents/Academic Semester 02/Computer Organization and Digital Designing/Nano Processor Challenge/nano processor/NanoProcessor/NanoProcessor.srcs/sources_1/new/Left_shift.vhd} w ]
add_files {{C:/Users/Tharusha/Documents/Academic Semester 02/Computer Organization and Digital Designing/Nano Processor Challenge/nano processor/NanoProcessor/NanoProcessor.srcs/sources_1/new/Left_shift.vhd}}
update_compile_order -fileset sources_1
close [ open {C:/Users/Tharusha/Documents/Academic Semester 02/Computer Organization and Digital Designing/Nano Processor Challenge/nano processor/NanoProcessor/NanoProcessor.srcs/sources_1/new/Right_shift.vhd} w ]
add_files {{C:/Users/Tharusha/Documents/Academic Semester 02/Computer Organization and Digital Designing/Nano Processor Challenge/nano processor/NanoProcessor/NanoProcessor.srcs/sources_1/new/Right_shift.vhd}}
update_compile_order -fileset sources_1
set_property SOURCE_SET sources_1 [get_filesets sim_1]
close [ open {C:/Users/Tharusha/Documents/Academic Semester 02/Computer Organization and Digital Designing/Nano Processor Challenge/nano processor/NanoProcessor/NanoProcessor.srcs/sim_1/new/Left_shift_SIm.vhd} w ]
add_files -fileset sim_1 {{C:/Users/Tharusha/Documents/Academic Semester 02/Computer Organization and Digital Designing/Nano Processor Challenge/nano processor/NanoProcessor/NanoProcessor.srcs/sim_1/new/Left_shift_SIm.vhd}}
update_compile_order -fileset sim_1
# Disabling source management mode.  This is to allow the top design properties to be set without GUI intervention.
set_property source_mgmt_mode None [current_project]
set_property top Left_shift_SIm [get_filesets sim_1]
set_property top_lib xil_defaultlib [get_filesets sim_1]
# Re-enabling previously disabled source management mode.
set_property source_mgmt_mode All [current_project]
update_compile_order -fileset sim_1
launch_simulation
open_wave_config {C:/Users/Tharusha/Documents/Academic Semester 02/Computer Organization and Digital Designing/Nano Processor Challenge/nano processor/NanoProcessor/Processor_Sim_behav.wcfg}
source Left_shift_SIm.tcl
current_wave_config {Processor_Sim_behav.wcfg}
add_wave {{/Left_shift_SIm/A_in}} {{/Left_shift_SIm/S_out}} 
save_wave_config {C:/Users/Tharusha/Documents/Academic Semester 02/Computer Organization and Digital Designing/Nano Processor Challenge/nano processor/NanoProcessor/Processor_Sim_behav.wcfg}
close_sim
launch_simulation
open_wave_config {C:/Users/Tharusha/Documents/Academic Semester 02/Computer Organization and Digital Designing/Nano Processor Challenge/nano processor/NanoProcessor/Processor_Sim_behav.wcfg}
source Left_shift_SIm.tcl
set_property SOURCE_SET sources_1 [get_filesets sim_1]
close [ open {C:/Users/Tharusha/Documents/Academic Semester 02/Computer Organization and Digital Designing/Nano Processor Challenge/nano processor/NanoProcessor/NanoProcessor.srcs/sim_1/new/Right_shift_SIm.vhd} w ]
add_files -fileset sim_1 {{C:/Users/Tharusha/Documents/Academic Semester 02/Computer Organization and Digital Designing/Nano Processor Challenge/nano processor/NanoProcessor/NanoProcessor.srcs/sim_1/new/Right_shift_SIm.vhd}}
update_compile_order -fileset sim_1
# Disabling source management mode.  This is to allow the top design properties to be set without GUI intervention.
set_property source_mgmt_mode None [current_project]
set_property top Right_shift_SIm [get_filesets sim_1]
set_property top_lib xil_defaultlib [get_filesets sim_1]
# Re-enabling previously disabled source management mode.
set_property source_mgmt_mode All [current_project]
update_compile_order -fileset sim_1
launch_simulation
open_wave_config {C:/Users/Tharusha/Documents/Academic Semester 02/Computer Organization and Digital Designing/Nano Processor Challenge/nano processor/NanoProcessor/Processor_Sim_behav.wcfg}
source Right_shift_SIm.tcl
current_wave_config {Processor_Sim_behav.wcfg}
add_wave {{/Right_shift_SIm/A_in}} {{/Right_shift_SIm/S_out}} 
save_wave_config {C:/Users/Tharusha/Documents/Academic Semester 02/Computer Organization and Digital Designing/Nano Processor Challenge/nano processor/NanoProcessor/Processor_Sim_behav.wcfg}
close_sim
launch_simulation
open_wave_config {C:/Users/Tharusha/Documents/Academic Semester 02/Computer Organization and Digital Designing/Nano Processor Challenge/nano processor/NanoProcessor/Processor_Sim_behav.wcfg}
source Right_shift_SIm.tcl
set_property SOURCE_SET sources_1 [get_filesets sim_1]
close [ open {C:/Users/Tharusha/Documents/Academic Semester 02/Computer Organization and Digital Designing/Nano Processor Challenge/nano processor/NanoProcessor/NanoProcessor.srcs/sim_1/new/Shift_operator_Sim.vhd} w ]
add_files -fileset sim_1 {{C:/Users/Tharusha/Documents/Academic Semester 02/Computer Organization and Digital Designing/Nano Processor Challenge/nano processor/NanoProcessor/NanoProcessor.srcs/sim_1/new/Shift_operator_Sim.vhd}}
update_compile_order -fileset sim_1
# Disabling source management mode.  This is to allow the top design properties to be set without GUI intervention.
set_property source_mgmt_mode None [current_project]
set_property top Shift_operator_Sim [get_filesets sim_1]
set_property top_lib xil_defaultlib [get_filesets sim_1]
# Re-enabling previously disabled source management mode.
set_property source_mgmt_mode All [current_project]
update_compile_order -fileset sim_1
launch_simulation
open_wave_config {C:/Users/Tharusha/Documents/Academic Semester 02/Computer Organization and Digital Designing/Nano Processor Challenge/nano processor/NanoProcessor/Processor_Sim_behav.wcfg}
source Shift_operator_Sim.tcl
current_wave_config {Processor_Sim_behav.wcfg}
add_wave {{/Shift_operator_Sim/A_in}} {{/Shift_operator_Sim/S_out}} {{/Shift_operator_Sim/B_in}} {{/Shift_operator_Sim/M}} 
save_wave_config {C:/Users/Tharusha/Documents/Academic Semester 02/Computer Organization and Digital Designing/Nano Processor Challenge/nano processor/NanoProcessor/Processor_Sim_behav.wcfg}
close_sim
launch_simulation
open_wave_config {C:/Users/Tharusha/Documents/Academic Semester 02/Computer Organization and Digital Designing/Nano Processor Challenge/nano processor/NanoProcessor/Processor_Sim_behav.wcfg}
source Shift_operator_Sim.tcl
set_property SOURCE_SET sources_1 [get_filesets sim_1]
close [ open {C:/Users/Tharusha/Documents/Academic Semester 02/Computer Organization and Digital Designing/Nano Processor Challenge/nano processor/NanoProcessor/NanoProcessor.srcs/sim_1/new/Inverse_operator_Sim.vhd} w ]
add_files -fileset sim_1 {{C:/Users/Tharusha/Documents/Academic Semester 02/Computer Organization and Digital Designing/Nano Processor Challenge/nano processor/NanoProcessor/NanoProcessor.srcs/sim_1/new/Inverse_operator_Sim.vhd}}
update_compile_order -fileset sim_1
# Disabling source management mode.  This is to allow the top design properties to be set without GUI intervention.
set_property source_mgmt_mode None [current_project]
set_property top Inverse_operator_Sim [get_filesets sim_1]
set_property top_lib xil_defaultlib [get_filesets sim_1]
# Re-enabling previously disabled source management mode.
set_property source_mgmt_mode All [current_project]
update_compile_order -fileset sim_1
launch_simulation
open_wave_config {C:/Users/Tharusha/Documents/Academic Semester 02/Computer Organization and Digital Designing/Nano Processor Challenge/nano processor/NanoProcessor/Processor_Sim_behav.wcfg}
source Inverse_operator_Sim.tcl
current_wave_config {Processor_Sim_behav.wcfg}
add_wave {{/Inverse_operator_Sim/A_in}} {{/Inverse_operator_Sim/B_in}} {{/Inverse_operator_Sim/S_out}} 
save_wave_config {C:/Users/Tharusha/Documents/Academic Semester 02/Computer Organization and Digital Designing/Nano Processor Challenge/nano processor/NanoProcessor/Processor_Sim_behav.wcfg}
close_sim
launch_simulation
open_wave_config {C:/Users/Tharusha/Documents/Academic Semester 02/Computer Organization and Digital Designing/Nano Processor Challenge/nano processor/NanoProcessor/Processor_Sim_behav.wcfg}
source Inverse_operator_Sim.tcl
close_sim
current_sim simulation_8
close_sim
current_sim simulation_6
close_sim
current_sim simulation_4
close_sim
close_sim
